lcd_20x4.c:71:6:HY2004A8_Init	16	static
lcd_20x4.c:126:6:HY2004A8_Clear	8	static
lcd_20x4.c:131:6:HY2004A8_Puts	16	static
lcd_20x4.c:152:6:HY2004A8_DisplayOn	8	static
lcd_20x4.c:157:6:HY2004A8_DisplayOff	8	static
lcd_20x4.c:162:6:HY2004A8_BlinkOn	8	static
lcd_20x4.c:167:6:HY2004A8_BlinkOff	8	static
lcd_20x4.c:172:6:HY2004A8_CursorOn	8	static
lcd_20x4.c:177:6:HY2004A8_CursorOff	8	static
lcd_20x4.c:182:6:HY2004A8_ScrollLeft	8	static
lcd_20x4.c:186:6:HY2004A8_ScrollRight	8	static
lcd_20x4.c:190:6:HY2004A8_CreateChar	24	static
lcd_20x4.c:201:6:HY2004A8_PutCustom	16	static
lcd_20x4.c:207:13:HY2004A8_Cmd	16	static
lcd_20x4.c:217:13:HY2004A8_Data	16	static
lcd_20x4.c:227:13:HY2004A8_Cmd4bit	16	static
lcd_20x4.c:236:13:HY2004A8_CursorSet	24	static
lcd_20x4.c:252:13:HY2004A8_InitPins	8	static
lcd_20x4.c:265:6:Send_Lcd	24	static
