14:40:08 **** Build of configuration Debug for project STM32_TempAndHum ****
make -j8 all 
arm-none-eabi-gcc "C:/Users/alperen/Desktop/WIZNET_2/w5500_driver/w5500_control.c" -mcpu=cortex-m4 -std=gnu11 -g3 -DUSE_HAL_DRIVER -DSTM32F303xE -DDEBUG -c -I../Drivers/CMSIS/Device/ST/STM32F3xx/Include -I"C:/Users/alperen/Desktop/WIZNET_2/sht21_driver" -I"C:/Users/alperen/Desktop/WIZNET_2/w5500_driver" -I"C:/Users/alperen/Desktop/WIZNET_2/MyLibrary/Ethernet" -I"C:/Users/alperen/Desktop/WIZNET_2/MyLibrary/Application/multicast" -I../Drivers/CMSIS/Include -I../Drivers/STM32F3xx_HAL_Driver/Inc -I../Core/Inc -I"C:/Users/alperen/Desktop/WIZNET_2/MyLibrary/Application/loopback" -I"C:/Users/alperen/Desktop/WIZNET_2/lcd20x4_driver" -I../Drivers/STM32F3xx_HAL_Driver/Inc/Legacy -I"C:/Users/alperen/Desktop/WIZNET_2/flash_driver" -O0 -ffunction-sections -fdata-sections -Wall -fstack-usage -MMD -MP -MF"w5500_driver/w5500_control.d" -MT"w5500_driver/w5500_control.o" --specs=nano.specs -mfpu=fpv4-sp-d16 -mfloat-abi=hard -mthumb -o "w5500_driver/w5500_control.o"
arm-none-eabi-gcc "C:/Users/alperen/Desktop/WIZNET_2/sht21_driver/sht21.c" -mcpu=cortex-m4 -std=gnu11 -g3 -DUSE_HAL_DRIVER -DSTM32F303xE -DDEBUG -c -I../Drivers/CMSIS/Device/ST/STM32F3xx/Include -I"C:/Users/alperen/Desktop/WIZNET_2/sht21_driver" -I"C:/Users/alperen/Desktop/WIZNET_2/w5500_driver" -I"C:/Users/alperen/Desktop/WIZNET_2/MyLibrary/Ethernet" -I"C:/Users/alperen/Desktop/WIZNET_2/MyLibrary/Application/multicast" -I../Drivers/CMSIS/Include -I../Drivers/STM32F3xx_HAL_Driver/Inc -I../Core/Inc -I"C:/Users/alperen/Desktop/WIZNET_2/MyLibrary/Application/loopback" -I"C:/Users/alperen/Desktop/WIZNET_2/lcd20x4_driver" -I../Drivers/STM32F3xx_HAL_Driver/Inc/Legacy -I"C:/Users/alperen/Desktop/WIZNET_2/flash_driver" -O0 -ffunction-sections -fdata-sections -Wall -fstack-usage -MMD -MP -MF"sht21_driver/sht21.d" -MT"sht21_driver/sht21.o" --specs=nano.specs -mfpu=fpv4-sp-d16 -mfloat-abi=hard -mthumb -o "sht21_driver/sht21.o"
arm-none-eabi-gcc "C:/Users/alperen/Desktop/WIZNET_2/MyLibrary/Application/multicast/multicast.c" -mcpu=cortex-m4 -std=gnu11 -g3 -DUSE_HAL_DRIVER -DSTM32F303xE -DDEBUG -c -I../Drivers/CMSIS/Device/ST/STM32F3xx/Include -I"C:/Users/alperen/Desktop/WIZNET_2/sht21_driver" -I"C:/Users/alperen/Desktop/WIZNET_2/w5500_driver" -I"C:/Users/alperen/Desktop/WIZNET_2/MyLibrary/Ethernet" -I"C:/Users/alperen/Desktop/WIZNET_2/MyLibrary/Application/multicast" -I../Drivers/CMSIS/Include -I../Drivers/STM32F3xx_HAL_Driver/Inc -I../Core/Inc -I"C:/Users/alperen/Desktop/WIZNET_2/MyLibrary/Application/loopback" -I"C:/Users/alperen/Desktop/WIZNET_2/lcd20x4_driver" -I../Drivers/STM32F3xx_HAL_Driver/Inc/Legacy -I"C:/Users/alperen/Desktop/WIZNET_2/flash_driver" -O0 -ffunction-sections -fdata-sections -Wall -fstack-usage -MMD -MP -MF"multicast/multicast.d" -MT"multicast/multicast.o" --specs=nano.specs -mfpu=fpv4-sp-d16 -mfloat-abi=hard -mthumb -o "multicast/multicast.o"
arm-none-eabi-gcc "C:/Users/alperen/Desktop/WIZNET_2/MyLibrary/Application/loopback/loopback.c" -mcpu=cortex-m4 -std=gnu11 -g3 -DUSE_HAL_DRIVER -DSTM32F303xE -DDEBUG -c -I../Drivers/CMSIS/Device/ST/STM32F3xx/Include -I"C:/Users/alperen/Desktop/WIZNET_2/sht21_driver" -I"C:/Users/alperen/Desktop/WIZNET_2/w5500_driver" -I"C:/Users/alperen/Desktop/WIZNET_2/MyLibrary/Ethernet" -I"C:/Users/alperen/Desktop/WIZNET_2/MyLibrary/Application/multicast" -I../Drivers/CMSIS/Include -I../Drivers/STM32F3xx_HAL_Driver/Inc -I../Core/Inc -I"C:/Users/alperen/Desktop/WIZNET_2/MyLibrary/Application/loopback" -I"C:/Users/alperen/Desktop/WIZNET_2/lcd20x4_driver" -I../Drivers/STM32F3xx_HAL_Driver/Inc/Legacy -I"C:/Users/alperen/Desktop/WIZNET_2/flash_driver" -O0 -ffunction-sections -fdata-sections -Wall -fstack-usage -MMD -MP -MF"loopback/loopback.d" -MT"loopback/loopback.o" --specs=nano.specs -mfpu=fpv4-sp-d16 -mfloat-abi=hard -mthumb -o "loopback/loopback.o"
arm-none-eabi-gcc "C:/Users/alperen/Desktop/WIZNET_2/lcd20x4_driver/.metadata/.plugins/org.eclipse.cdt.make.core/specs.c" -mcpu=cortex-m4 -std=gnu11 -g3 -DUSE_HAL_DRIVER -DSTM32F303xE -DDEBUG -c -I../Drivers/CMSIS/Device/ST/STM32F3xx/Include -I"C:/Users/alperen/Desktop/WIZNET_2/sht21_driver" -I"C:/Users/alperen/Desktop/WIZNET_2/w5500_driver" -I"C:/Users/alperen/Desktop/WIZNET_2/MyLibrary/Ethernet" -I"C:/Users/alperen/Desktop/WIZNET_2/MyLibrary/Application/multicast" -I../Drivers/CMSIS/Include -I../Drivers/STM32F3xx_HAL_Driver/Inc -I../Core/Inc -I"C:/Users/alperen/Desktop/WIZNET_2/MyLibrary/Application/loopback" -I"C:/Users/alperen/Desktop/WIZNET_2/lcd20x4_driver" -I../Drivers/STM32F3xx_HAL_Driver/Inc/Legacy -I"C:/Users/alperen/Desktop/WIZNET_2/flash_driver" -O0 -ffunction-sections -fdata-sections -Wall -fstack-usage -MMD -MP -MF"lcd20x4_driver/.metadata/.plugins/org.eclipse.cdt.make.core/specs.d" -MT"lcd20x4_driver/.metadata/.plugins/org.eclipse.cdt.make.core/specs.o" --specs=nano.specs -mfpu=fpv4-sp-d16 -mfloat-abi=hard -mthumb -o "lcd20x4_driver/.metadata/.plugins/org.eclipse.cdt.make.core/specs.o"
arm-none-eabi-gcc "C:/Users/alperen/Desktop/WIZNET_2/lcd20x4_driver/lcd_20x4.c" -mcpu=cortex-m4 -std=gnu11 -g3 -DUSE_HAL_DRIVER -DSTM32F303xE -DDEBUG -c -I../Drivers/CMSIS/Device/ST/STM32F3xx/Include -I"C:/Users/alperen/Desktop/WIZNET_2/sht21_driver" -I"C:/Users/alperen/Desktop/WIZNET_2/w5500_driver" -I"C:/Users/alperen/Desktop/WIZNET_2/MyLibrary/Ethernet" -I"C:/Users/alperen/Desktop/WIZNET_2/MyLibrary/Application/multicast" -I../Drivers/CMSIS/Include -I../Drivers/STM32F3xx_HAL_Driver/Inc -I../Core/Inc -I"C:/Users/alperen/Desktop/WIZNET_2/MyLibrary/Application/loopback" -I"C:/Users/alperen/Desktop/WIZNET_2/lcd20x4_driver" -I../Drivers/STM32F3xx_HAL_Driver/Inc/Legacy -I"C:/Users/alperen/Desktop/WIZNET_2/flash_driver" -O0 -ffunction-sections -fdata-sections -fstack-usage -MMD -MP -MF"lcd20x4_driver/lcd_20x4.d" -MT"lcd20x4_driver/lcd_20x4.o" --specs=nano.specs -mfpu=fpv4-sp-d16 -mfloat-abi=hard -mthumb -o "lcd20x4_driver/lcd_20x4.o"
arm-none-eabi-gcc "C:/Users/alperen/Desktop/WIZNET_2/flash_driver/FlashDriver.c" -mcpu=cortex-m4 -std=gnu11 -g3 -DUSE_HAL_DRIVER -DSTM32F303xE -DDEBUG -c -I../Drivers/CMSIS/Device/ST/STM32F3xx/Include -I"C:/Users/alperen/Desktop/WIZNET_2/sht21_driver" -I"C:/Users/alperen/Desktop/WIZNET_2/w5500_driver" -I"C:/Users/alperen/Desktop/WIZNET_2/MyLibrary/Ethernet" -I"C:/Users/alperen/Desktop/WIZNET_2/MyLibrary/Application/multicast" -I../Drivers/CMSIS/Include -I../Drivers/STM32F3xx_HAL_Driver/Inc -I../Core/Inc -I"C:/Users/alperen/Desktop/WIZNET_2/MyLibrary/Application/loopback" -I"C:/Users/alperen/Desktop/WIZNET_2/lcd20x4_driver" -I../Drivers/STM32F3xx_HAL_Driver/Inc/Legacy -I"C:/Users/alperen/Desktop/WIZNET_2/flash_driver" -O0 -ffunction-sections -fdata-sections -Wall -fstack-usage -MMD -MP -MF"flash_driver/FlashDriver.d" -MT"flash_driver/FlashDriver.o" --specs=nano.specs -mfpu=fpv4-sp-d16 -mfloat-abi=hard -mthumb -o "flash_driver/FlashDriver.o"
arm-none-eabi-gcc "C:/Users/alperen/Desktop/WIZNET_2/MyLibrary/Ethernet/W5500/w5500.c" -mcpu=cortex-m4 -std=gnu11 -g3 -DUSE_HAL_DRIVER -DSTM32F303xE -DDEBUG -c -I../Drivers/CMSIS/Device/ST/STM32F3xx/Include -I"C:/Users/alperen/Desktop/WIZNET_2/sht21_driver" -I"C:/Users/alperen/Desktop/WIZNET_2/w5500_driver" -I"C:/Users/alperen/Desktop/WIZNET_2/MyLibrary/Ethernet" -I"C:/Users/alperen/Desktop/WIZNET_2/MyLibrary/Application/multicast" -I../Drivers/CMSIS/Include -I../Drivers/STM32F3xx_HAL_Driver/Inc -I../Core/Inc -I"C:/Users/alperen/Desktop/WIZNET_2/MyLibrary/Application/loopback" -I"C:/Users/alperen/Desktop/WIZNET_2/lcd20x4_driver" -I../Drivers/STM32F3xx_HAL_Driver/Inc/Legacy -I"C:/Users/alperen/Desktop/WIZNET_2/flash_driver" -O0 -ffunction-sections -fdata-sections -Wall -fstack-usage -MMD -MP -MF"Ethernet/W5500/w5500.d" -MT"Ethernet/W5500/w5500.o" --specs=nano.specs -mfpu=fpv4-sp-d16 -mfloat-abi=hard -mthumb -o "Ethernet/W5500/w5500.o"
arm-none-eabi-gcc "C:/Users/alperen/Desktop/WIZNET_2/MyLibrary/Ethernet/W5300/w5300.c" -mcpu=cortex-m4 -std=gnu11 -g3 -DUSE_HAL_DRIVER -DSTM32F303xE -DDEBUG -c -I../Drivers/CMSIS/Device/ST/STM32F3xx/Include -I"C:/Users/alperen/Desktop/WIZNET_2/sht21_driver" -I"C:/Users/alperen/Desktop/WIZNET_2/w5500_driver" -I"C:/Users/alperen/Desktop/WIZNET_2/MyLibrary/Ethernet" -I"C:/Users/alperen/Desktop/WIZNET_2/MyLibrary/Application/multicast" -I../Drivers/CMSIS/Include -I../Drivers/STM32F3xx_HAL_Driver/Inc -I../Core/Inc -I"C:/Users/alperen/Desktop/WIZNET_2/MyLibrary/Application/loopback" -I"C:/Users/alperen/Desktop/WIZNET_2/lcd20x4_driver" -I../Drivers/STM32F3xx_HAL_Driver/Inc/Legacy -I"C:/Users/alperen/Desktop/WIZNET_2/flash_driver" -O0 -ffunction-sections -fdata-sections -Wall -fstack-usage -MMD -MP -MF"Ethernet/W5300/w5300.d" -MT"Ethernet/W5300/w5300.o" --specs=nano.specs -mfpu=fpv4-sp-d16 -mfloat-abi=hard -mthumb -o "Ethernet/W5300/w5300.o"
arm-none-eabi-gcc "C:/Users/alperen/Desktop/WIZNET_2/MyLibrary/Ethernet/W5200/w5200.c" -mcpu=cortex-m4 -std=gnu11 -g3 -DUSE_HAL_DRIVER -DSTM32F303xE -DDEBUG -c -I../Drivers/CMSIS/Device/ST/STM32F3xx/Include -I"C:/Users/alperen/Desktop/WIZNET_2/sht21_driver" -I"C:/Users/alperen/Desktop/WIZNET_2/w5500_driver" -I"C:/Users/alperen/Desktop/WIZNET_2/MyLibrary/Ethernet" -I"C:/Users/alperen/Desktop/WIZNET_2/MyLibrary/Application/multicast" -I../Drivers/CMSIS/Include -I../Drivers/STM32F3xx_HAL_Driver/Inc -I../Core/Inc -I"C:/Users/alperen/Desktop/WIZNET_2/MyLibrary/Application/loopback" -I"C:/Users/alperen/Desktop/WIZNET_2/lcd20x4_driver" -I../Drivers/STM32F3xx_HAL_Driver/Inc/Legacy -I"C:/Users/alperen/Desktop/WIZNET_2/flash_driver" -O0 -ffunction-sections -fdata-sections -Wall -fstack-usage -MMD -MP -MF"Ethernet/W5200/w5200.d" -MT"Ethernet/W5200/w5200.o" --specs=nano.specs -mfpu=fpv4-sp-d16 -mfloat-abi=hard -mthumb -o "Ethernet/W5200/w5200.o"
arm-none-eabi-gcc "C:/Users/alperen/Desktop/WIZNET_2/MyLibrary/Ethernet/W5100S/w5100s.c" -mcpu=cortex-m4 -std=gnu11 -g3 -DUSE_HAL_DRIVER -DSTM32F303xE -DDEBUG -c -I../Drivers/CMSIS/Device/ST/STM32F3xx/Include -I"C:/Users/alperen/Desktop/WIZNET_2/sht21_driver" -I"C:/Users/alperen/Desktop/WIZNET_2/w5500_driver" -I"C:/Users/alperen/Desktop/WIZNET_2/MyLibrary/Ethernet" -I"C:/Users/alperen/Desktop/WIZNET_2/MyLibrary/Application/multicast" -I../Drivers/CMSIS/Include -I../Drivers/STM32F3xx_HAL_Driver/Inc -I../Core/Inc -I"C:/Users/alperen/Desktop/WIZNET_2/MyLibrary/Application/loopback" -I"C:/Users/alperen/Desktop/WIZNET_2/lcd20x4_driver" -I../Drivers/STM32F3xx_HAL_Driver/Inc/Legacy -I"C:/Users/alperen/Desktop/WIZNET_2/flash_driver" -O0 -ffunction-sections -fdata-sections -Wall -fstack-usage -MMD -MP -MF"Ethernet/W5100S/w5100s.d" -MT"Ethernet/W5100S/w5100s.o" --specs=nano.specs -mfpu=fpv4-sp-d16 -mfloat-abi=hard -mthumb -o "Ethernet/W5100S/w5100s.o"
arm-none-eabi-gcc "C:/Users/alperen/Desktop/WIZNET_2/MyLibrary/Ethernet/W5100/w5100.c" -mcpu=cortex-m4 -std=gnu11 -g3 -DUSE_HAL_DRIVER -DSTM32F303xE -DDEBUG -c -I../Drivers/CMSIS/Device/ST/STM32F3xx/Include -I"C:/Users/alperen/Desktop/WIZNET_2/sht21_driver" -I"C:/Users/alperen/Desktop/WIZNET_2/w5500_driver" -I"C:/Users/alperen/Desktop/WIZNET_2/MyLibrary/Ethernet" -I"C:/Users/alperen/Desktop/WIZNET_2/MyLibrary/Application/multicast" -I../Drivers/CMSIS/Include -I../Drivers/STM32F3xx_HAL_Driver/Inc -I../Core/Inc -I"C:/Users/alperen/Desktop/WIZNET_2/MyLibrary/Application/loopback" -I"C:/Users/alperen/Desktop/WIZNET_2/lcd20x4_driver" -I../Drivers/STM32F3xx_HAL_Driver/Inc/Legacy -I"C:/Users/alperen/Desktop/WIZNET_2/flash_driver" -O0 -ffunction-sections -fdata-sections -Wall -fstack-usage -MMD -MP -MF"Ethernet/W5100/w5100.d" -MT"Ethernet/W5100/w5100.o" --specs=nano.specs -mfpu=fpv4-sp-d16 -mfloat-abi=hard -mthumb -o "Ethernet/W5100/w5100.o"
arm-none-eabi-gcc "C:/Users/alperen/Desktop/WIZNET_2/MyLibrary/Ethernet/socket.c" -mcpu=cortex-m4 -std=gnu11 -g3 -DUSE_HAL_DRIVER -DSTM32F303xE -DDEBUG -c -I../Drivers/CMSIS/Device/ST/STM32F3xx/Include -I"C:/Users/alperen/Desktop/WIZNET_2/sht21_driver" -I"C:/Users/alperen/Desktop/WIZNET_2/w5500_driver" -I"C:/Users/alperen/Desktop/WIZNET_2/MyLibrary/Ethernet" -I"C:/Users/alperen/Desktop/WIZNET_2/MyLibrary/Application/multicast" -I../Drivers/CMSIS/Include -I../Drivers/STM32F3xx_HAL_Driver/Inc -I../Core/Inc -I"C:/Users/alperen/Desktop/WIZNET_2/MyLibrary/Application/loopback" -I"C:/Users/alperen/Desktop/WIZNET_2/lcd20x4_driver" -I../Drivers/STM32F3xx_HAL_Driver/Inc/Legacy -I"C:/Users/alperen/Desktop/WIZNET_2/flash_driver" -O0 -ffunction-sections -fdata-sections -Wall -fstack-usage -MMD -MP -MF"Ethernet/socket.d" -MT"Ethernet/socket.o" --specs=nano.specs -mfpu=fpv4-sp-d16 -mfloat-abi=hard -mthumb -o "Ethernet/socket.o"
arm-none-eabi-gcc "C:/Users/alperen/Desktop/WIZNET_2/MyLibrary/Ethernet/wizchip_conf.c" -mcpu=cortex-m4 -std=gnu11 -g3 -DUSE_HAL_DRIVER -DSTM32F303xE -DDEBUG -c -I../Drivers/CMSIS/Device/ST/STM32F3xx/Include -I"C:/Users/alperen/Desktop/WIZNET_2/sht21_driver" -I"C:/Users/alperen/Desktop/WIZNET_2/w5500_driver" -I"C:/Users/alperen/Desktop/WIZNET_2/MyLibrary/Ethernet" -I"C:/Users/alperen/Desktop/WIZNET_2/MyLibrary/Application/multicast" -I../Drivers/CMSIS/Include -I../Drivers/STM32F3xx_HAL_Driver/Inc -I../Core/Inc -I"C:/Users/alperen/Desktop/WIZNET_2/MyLibrary/Application/loopback" -I"C:/Users/alperen/Desktop/WIZNET_2/lcd20x4_driver" -I../Drivers/STM32F3xx_HAL_Driver/Inc/Legacy -I"C:/Users/alperen/Desktop/WIZNET_2/flash_driver" -O0 -ffunction-sections -fdata-sections -Wall -fstack-usage -MMD -MP -MF"Ethernet/wizchip_conf.d" -MT"Ethernet/wizchip_conf.o" --specs=nano.specs -mfpu=fpv4-sp-d16 -mfloat-abi=hard -mthumb -o "Ethernet/wizchip_conf.o"
arm-none-eabi-gcc "../Drivers/STM32F3xx_HAL_Driver/Src/stm32f3xx_hal.c" -mcpu=cortex-m4 -std=gnu11 -g3 -DUSE_HAL_DRIVER -DSTM32F303xE -DDEBUG -c -I../Drivers/CMSIS/Device/ST/STM32F3xx/Include -I"C:/Users/alperen/Desktop/WIZNET_2/sht21_driver" -I"C:/Users/alperen/Desktop/WIZNET_2/w5500_driver" -I"C:/Users/alperen/Desktop/WIZNET_2/MyLibrary/Ethernet" -I"C:/Users/alperen/Desktop/WIZNET_2/MyLibrary/Application/multicast" -I../Drivers/CMSIS/Include -I../Drivers/STM32F3xx_HAL_Driver/Inc -I../Core/Inc -I"C:/Users/alperen/Desktop/WIZNET_2/MyLibrary/Application/loopback" -I"C:/Users/alperen/Desktop/WIZNET_2/lcd20x4_driver" -I../Drivers/STM32F3xx_HAL_Driver/Inc/Legacy -I"C:/Users/alperen/Desktop/WIZNET_2/flash_driver" -O0 -ffunction-sections -fdata-sections -Wall -fstack-usage -MMD -MP -MF"Drivers/STM32F3xx_HAL_Driver/Src/stm32f3xx_hal.d" -MT"Drivers/STM32F3xx_HAL_Driver/Src/stm32f3xx_hal.o" --specs=nano.specs -mfpu=fpv4-sp-d16 -mfloat-abi=hard -mthumb -o "Drivers/STM32F3xx_HAL_Driver/Src/stm32f3xx_hal.o"
arm-none-eabi-gcc "../Drivers/STM32F3xx_HAL_Driver/Src/stm32f3xx_hal_cortex.c" -mcpu=cortex-m4 -std=gnu11 -g3 -DUSE_HAL_DRIVER -DSTM32F303xE -DDEBUG -c -I../Drivers/CMSIS/Device/ST/STM32F3xx/Include -I"C:/Users/alperen/Desktop/WIZNET_2/sht21_driver" -I"C:/Users/alperen/Desktop/WIZNET_2/w5500_driver" -I"C:/Users/alperen/Desktop/WIZNET_2/MyLibrary/Ethernet" -I"C:/Users/alperen/Desktop/WIZNET_2/MyLibrary/Application/multicast" -I../Drivers/CMSIS/Include -I../Drivers/STM32F3xx_HAL_Driver/Inc -I../Core/Inc -I"C:/Users/alperen/Desktop/WIZNET_2/MyLibrary/Application/loopback" -I"C:/Users/alperen/Desktop/WIZNET_2/lcd20x4_driver" -I../Drivers/STM32F3xx_HAL_Driver/Inc/Legacy -I"C:/Users/alperen/Desktop/WIZNET_2/flash_driver" -O0 -ffunction-sections -fdata-sections -Wall -fstack-usage -MMD -MP -MF"Drivers/STM32F3xx_HAL_Driver/Src/stm32f3xx_hal_cortex.d" -MT"Drivers/STM32F3xx_HAL_Driver/Src/stm32f3xx_hal_cortex.o" --specs=nano.specs -mfpu=fpv4-sp-d16 -mfloat-abi=hard -mthumb -o "Drivers/STM32F3xx_HAL_Driver/Src/stm32f3xx_hal_cortex.o"
arm-none-eabi-gcc "../Drivers/STM32F3xx_HAL_Driver/Src/stm32f3xx_hal_dma.c" -mcpu=cortex-m4 -std=gnu11 -g3 -DUSE_HAL_DRIVER -DSTM32F303xE -DDEBUG -c -I../Drivers/CMSIS/Device/ST/STM32F3xx/Include -I"C:/Users/alperen/Desktop/WIZNET_2/sht21_driver" -I"C:/Users/alperen/Desktop/WIZNET_2/w5500_driver" -I"C:/Users/alperen/Desktop/WIZNET_2/MyLibrary/Ethernet" -I"C:/Users/alperen/Desktop/WIZNET_2/MyLibrary/Application/multicast" -I../Drivers/CMSIS/Include -I../Drivers/STM32F3xx_HAL_Driver/Inc -I../Core/Inc -I"C:/Users/alperen/Desktop/WIZNET_2/MyLibrary/Application/loopback" -I"C:/Users/alperen/Desktop/WIZNET_2/lcd20x4_driver" -I../Drivers/STM32F3xx_HAL_Driver/Inc/Legacy -I"C:/Users/alperen/Desktop/WIZNET_2/flash_driver" -O0 -ffunction-sections -fdata-sections -Wall -fstack-usage -MMD -MP -MF"Drivers/STM32F3xx_HAL_Driver/Src/stm32f3xx_hal_dma.d" -MT"Drivers/STM32F3xx_HAL_Driver/Src/stm32f3xx_hal_dma.o" --specs=nano.specs -mfpu=fpv4-sp-d16 -mfloat-abi=hard -mthumb -o "Drivers/STM32F3xx_HAL_Driver/Src/stm32f3xx_hal_dma.o"
arm-none-eabi-gcc "../Drivers/STM32F3xx_HAL_Driver/Src/stm32f3xx_hal_exti.c" -mcpu=cortex-m4 -std=gnu11 -g3 -DUSE_HAL_DRIVER -DSTM32F303xE -DDEBUG -c -I../Drivers/CMSIS/Device/ST/STM32F3xx/Include -I"C:/Users/alperen/Desktop/WIZNET_2/sht21_driver" -I"C:/Users/alperen/Desktop/WIZNET_2/w5500_driver" -I"C:/Users/alperen/Desktop/WIZNET_2/MyLibrary/Ethernet" -I"C:/Users/alperen/Desktop/WIZNET_2/MyLibrary/Application/multicast" -I../Drivers/CMSIS/Include -I../Drivers/STM32F3xx_HAL_Driver/Inc -I../Core/Inc -I"C:/Users/alperen/Desktop/WIZNET_2/MyLibrary/Application/loopback" -I"C:/Users/alperen/Desktop/WIZNET_2/lcd20x4_driver" -I../Drivers/STM32F3xx_HAL_Driver/Inc/Legacy -I"C:/Users/alperen/Desktop/WIZNET_2/flash_driver" -O0 -ffunction-sections -fdata-sections -Wall -fstack-usage -MMD -MP -MF"Drivers/STM32F3xx_HAL_Driver/Src/stm32f3xx_hal_exti.d" -MT"Drivers/STM32F3xx_HAL_Driver/Src/stm32f3xx_hal_exti.o" --specs=nano.specs -mfpu=fpv4-sp-d16 -mfloat-abi=hard -mthumb -o "Drivers/STM32F3xx_HAL_Driver/Src/stm32f3xx_hal_exti.o"
arm-none-eabi-gcc "../Drivers/STM32F3xx_HAL_Driver/Src/stm32f3xx_hal_flash.c" -mcpu=cortex-m4 -std=gnu11 -g3 -DUSE_HAL_DRIVER -DSTM32F303xE -DDEBUG -c -I../Drivers/CMSIS/Device/ST/STM32F3xx/Include -I"C:/Users/alperen/Desktop/WIZNET_2/sht21_driver" -I"C:/Users/alperen/Desktop/WIZNET_2/w5500_driver" -I"C:/Users/alperen/Desktop/WIZNET_2/MyLibrary/Ethernet" -I"C:/Users/alperen/Desktop/WIZNET_2/MyLibrary/Application/multicast" -I../Drivers/CMSIS/Include -I../Drivers/STM32F3xx_HAL_Driver/Inc -I../Core/Inc -I"C:/Users/alperen/Desktop/WIZNET_2/MyLibrary/Application/loopback" -I"C:/Users/alperen/Desktop/WIZNET_2/lcd20x4_driver" -I../Drivers/STM32F3xx_HAL_Driver/Inc/Legacy -I"C:/Users/alperen/Desktop/WIZNET_2/flash_driver" -O0 -ffunction-sections -fdata-sections -Wall -fstack-usage -MMD -MP -MF"Drivers/STM32F3xx_HAL_Driver/Src/stm32f3xx_hal_flash.d" -MT"Drivers/STM32F3xx_HAL_Driver/Src/stm32f3xx_hal_flash.o" --specs=nano.specs -mfpu=fpv4-sp-d16 -mfloat-abi=hard -mthumb -o "Drivers/STM32F3xx_HAL_Driver/Src/stm32f3xx_hal_flash.o"
arm-none-eabi-gcc "../Drivers/STM32F3xx_HAL_Driver/Src/stm32f3xx_hal_flash_ex.c" -mcpu=cortex-m4 -std=gnu11 -g3 -DUSE_HAL_DRIVER -DSTM32F303xE -DDEBUG -c -I../Drivers/CMSIS/Device/ST/STM32F3xx/Include -I"C:/Users/alperen/Desktop/WIZNET_2/sht21_driver" -I"C:/Users/alperen/Desktop/WIZNET_2/w5500_driver" -I"C:/Users/alperen/Desktop/WIZNET_2/MyLibrary/Ethernet" -I"C:/Users/alperen/Desktop/WIZNET_2/MyLibrary/Application/multicast" -I../Drivers/CMSIS/Include -I../Drivers/STM32F3xx_HAL_Driver/Inc -I../Core/Inc -I"C:/Users/alperen/Desktop/WIZNET_2/MyLibrary/Application/loopback" -I"C:/Users/alperen/Desktop/WIZNET_2/lcd20x4_driver" -I../Drivers/STM32F3xx_HAL_Driver/Inc/Legacy -I"C:/Users/alperen/Desktop/WIZNET_2/flash_driver" -O0 -ffunction-sections -fdata-sections -Wall -fstack-usage -MMD -MP -MF"Drivers/STM32F3xx_HAL_Driver/Src/stm32f3xx_hal_flash_ex.d" -MT"Drivers/STM32F3xx_HAL_Driver/Src/stm32f3xx_hal_flash_ex.o" --specs=nano.specs -mfpu=fpv4-sp-d16 -mfloat-abi=hard -mthumb -o "Drivers/STM32F3xx_HAL_Driver/Src/stm32f3xx_hal_flash_ex.o"
arm-none-eabi-gcc "../Drivers/STM32F3xx_HAL_Driver/Src/stm32f3xx_hal_gpio.c" -mcpu=cortex-m4 -std=gnu11 -g3 -DUSE_HAL_DRIVER -DSTM32F303xE -DDEBUG -c -I../Drivers/CMSIS/Device/ST/STM32F3xx/Include -I"C:/Users/alperen/Desktop/WIZNET_2/sht21_driver" -I"C:/Users/alperen/Desktop/WIZNET_2/w5500_driver" -I"C:/Users/alperen/Desktop/WIZNET_2/MyLibrary/Ethernet" -I"C:/Users/alperen/Desktop/WIZNET_2/MyLibrary/Application/multicast" -I../Drivers/CMSIS/Include -I../Drivers/STM32F3xx_HAL_Driver/Inc -I../Core/Inc -I"C:/Users/alperen/Desktop/WIZNET_2/MyLibrary/Application/loopback" -I"C:/Users/alperen/Desktop/WIZNET_2/lcd20x4_driver" -I../Drivers/STM32F3xx_HAL_Driver/Inc/Legacy -I"C:/Users/alperen/Desktop/WIZNET_2/flash_driver" -O0 -ffunction-sections -fdata-sections -Wall -fstack-usage -MMD -MP -MF"Drivers/STM32F3xx_HAL_Driver/Src/stm32f3xx_hal_gpio.d" -MT"Drivers/STM32F3xx_HAL_Driver/Src/stm32f3xx_hal_gpio.o" --specs=nano.specs -mfpu=fpv4-sp-d16 -mfloat-abi=hard -mthumb -o "Drivers/STM32F3xx_HAL_Driver/Src/stm32f3xx_hal_gpio.o"
arm-none-eabi-gcc "../Drivers/STM32F3xx_HAL_Driver/Src/stm32f3xx_hal_i2c.c" -mcpu=cortex-m4 -std=gnu11 -g3 -DUSE_HAL_DRIVER -DSTM32F303xE -DDEBUG -c -I../Drivers/CMSIS/Device/ST/STM32F3xx/Include -I"C:/Users/alperen/Desktop/WIZNET_2/sht21_driver" -I"C:/Users/alperen/Desktop/WIZNET_2/w5500_driver" -I"C:/Users/alperen/Desktop/WIZNET_2/MyLibrary/Ethernet" -I"C:/Users/alperen/Desktop/WIZNET_2/MyLibrary/Application/multicast" -I../Drivers/CMSIS/Include -I../Drivers/STM32F3xx_HAL_Driver/Inc -I../Core/Inc -I"C:/Users/alperen/Desktop/WIZNET_2/MyLibrary/Application/loopback" -I"C:/Users/alperen/Desktop/WIZNET_2/lcd20x4_driver" -I../Drivers/STM32F3xx_HAL_Driver/Inc/Legacy -I"C:/Users/alperen/Desktop/WIZNET_2/flash_driver" -O0 -ffunction-sections -fdata-sections -Wall -fstack-usage -MMD -MP -MF"Drivers/STM32F3xx_HAL_Driver/Src/stm32f3xx_hal_i2c.d" -MT"Drivers/STM32F3xx_HAL_Driver/Src/stm32f3xx_hal_i2c.o" --specs=nano.specs -mfpu=fpv4-sp-d16 -mfloat-abi=hard -mthumb -o "Drivers/STM32F3xx_HAL_Driver/Src/stm32f3xx_hal_i2c.o"
arm-none-eabi-gcc "../Drivers/STM32F3xx_HAL_Driver/Src/stm32f3xx_hal_i2c_ex.c" -mcpu=cortex-m4 -std=gnu11 -g3 -DUSE_HAL_DRIVER -DSTM32F303xE -DDEBUG -c -I../Drivers/CMSIS/Device/ST/STM32F3xx/Include -I"C:/Users/alperen/Desktop/WIZNET_2/sht21_driver" -I"C:/Users/alperen/Desktop/WIZNET_2/w5500_driver" -I"C:/Users/alperen/Desktop/WIZNET_2/MyLibrary/Ethernet" -I"C:/Users/alperen/Desktop/WIZNET_2/MyLibrary/Application/multicast" -I../Drivers/CMSIS/Include -I../Drivers/STM32F3xx_HAL_Driver/Inc -I../Core/Inc -I"C:/Users/alperen/Desktop/WIZNET_2/MyLibrary/Application/loopback" -I"C:/Users/alperen/Desktop/WIZNET_2/lcd20x4_driver" -I../Drivers/STM32F3xx_HAL_Driver/Inc/Legacy -I"C:/Users/alperen/Desktop/WIZNET_2/flash_driver" -O0 -ffunction-sections -fdata-sections -Wall -fstack-usage -MMD -MP -MF"Drivers/STM32F3xx_HAL_Driver/Src/stm32f3xx_hal_i2c_ex.d" -MT"Drivers/STM32F3xx_HAL_Driver/Src/stm32f3xx_hal_i2c_ex.o" --specs=nano.specs -mfpu=fpv4-sp-d16 -mfloat-abi=hard -mthumb -o "Drivers/STM32F3xx_HAL_Driver/Src/stm32f3xx_hal_i2c_ex.o"
arm-none-eabi-gcc "../Drivers/STM32F3xx_HAL_Driver/Src/stm32f3xx_hal_pwr.c" -mcpu=cortex-m4 -std=gnu11 -g3 -DUSE_HAL_DRIVER -DSTM32F303xE -DDEBUG -c -I../Drivers/CMSIS/Device/ST/STM32F3xx/Include -I"C:/Users/alperen/Desktop/WIZNET_2/sht21_driver" -I"C:/Users/alperen/Desktop/WIZNET_2/w5500_driver" -I"C:/Users/alperen/Desktop/WIZNET_2/MyLibrary/Ethernet" -I"C:/Users/alperen/Desktop/WIZNET_2/MyLibrary/Application/multicast" -I../Drivers/CMSIS/Include -I../Drivers/STM32F3xx_HAL_Driver/Inc -I../Core/Inc -I"C:/Users/alperen/Desktop/WIZNET_2/MyLibrary/Application/loopback" -I"C:/Users/alperen/Desktop/WIZNET_2/lcd20x4_driver" -I../Drivers/STM32F3xx_HAL_Driver/Inc/Legacy -I"C:/Users/alperen/Desktop/WIZNET_2/flash_driver" -O0 -ffunction-sections -fdata-sections -Wall -fstack-usage -MMD -MP -MF"Drivers/STM32F3xx_HAL_Driver/Src/stm32f3xx_hal_pwr.d" -MT"Drivers/STM32F3xx_HAL_Driver/Src/stm32f3xx_hal_pwr.o" --specs=nano.specs -mfpu=fpv4-sp-d16 -mfloat-abi=hard -mthumb -o "Drivers/STM32F3xx_HAL_Driver/Src/stm32f3xx_hal_pwr.o"
arm-none-eabi-gcc "../Drivers/STM32F3xx_HAL_Driver/Src/stm32f3xx_hal_pwr_ex.c" -mcpu=cortex-m4 -std=gnu11 -g3 -DUSE_HAL_DRIVER -DSTM32F303xE -DDEBUG -c -I../Drivers/CMSIS/Device/ST/STM32F3xx/Include -I"C:/Users/alperen/Desktop/WIZNET_2/sht21_driver" -I"C:/Users/alperen/Desktop/WIZNET_2/w5500_driver" -I"C:/Users/alperen/Desktop/WIZNET_2/MyLibrary/Ethernet" -I"C:/Users/alperen/Desktop/WIZNET_2/MyLibrary/Application/multicast" -I../Drivers/CMSIS/Include -I../Drivers/STM32F3xx_HAL_Driver/Inc -I../Core/Inc -I"C:/Users/alperen/Desktop/WIZNET_2/MyLibrary/Application/loopback" -I"C:/Users/alperen/Desktop/WIZNET_2/lcd20x4_driver" -I../Drivers/STM32F3xx_HAL_Driver/Inc/Legacy -I"C:/Users/alperen/Desktop/WIZNET_2/flash_driver" -O0 -ffunction-sections -fdata-sections -Wall -fstack-usage -MMD -MP -MF"Drivers/STM32F3xx_HAL_Driver/Src/stm32f3xx_hal_pwr_ex.d" -MT"Drivers/STM32F3xx_HAL_Driver/Src/stm32f3xx_hal_pwr_ex.o" --specs=nano.specs -mfpu=fpv4-sp-d16 -mfloat-abi=hard -mthumb -o "Drivers/STM32F3xx_HAL_Driver/Src/stm32f3xx_hal_pwr_ex.o"
arm-none-eabi-gcc "../Drivers/STM32F3xx_HAL_Driver/Src/stm32f3xx_hal_rcc.c" -mcpu=cortex-m4 -std=gnu11 -g3 -DUSE_HAL_DRIVER -DSTM32F303xE -DDEBUG -c -I../Drivers/CMSIS/Device/ST/STM32F3xx/Include -I"C:/Users/alperen/Desktop/WIZNET_2/sht21_driver" -I"C:/Users/alperen/Desktop/WIZNET_2/w5500_driver" -I"C:/Users/alperen/Desktop/WIZNET_2/MyLibrary/Ethernet" -I"C:/Users/alperen/Desktop/WIZNET_2/MyLibrary/Application/multicast" -I../Drivers/CMSIS/Include -I../Drivers/STM32F3xx_HAL_Driver/Inc -I../Core/Inc -I"C:/Users/alperen/Desktop/WIZNET_2/MyLibrary/Application/loopback" -I"C:/Users/alperen/Desktop/WIZNET_2/lcd20x4_driver" -I../Drivers/STM32F3xx_HAL_Driver/Inc/Legacy -I"C:/Users/alperen/Desktop/WIZNET_2/flash_driver" -O0 -ffunction-sections -fdata-sections -Wall -fstack-usage -MMD -MP -MF"Drivers/STM32F3xx_HAL_Driver/Src/stm32f3xx_hal_rcc.d" -MT"Drivers/STM32F3xx_HAL_Driver/Src/stm32f3xx_hal_rcc.o" --specs=nano.specs -mfpu=fpv4-sp-d16 -mfloat-abi=hard -mthumb -o "Drivers/STM32F3xx_HAL_Driver/Src/stm32f3xx_hal_rcc.o"
arm-none-eabi-gcc "../Drivers/STM32F3xx_HAL_Driver/Src/stm32f3xx_hal_rcc_ex.c" -mcpu=cortex-m4 -std=gnu11 -g3 -DUSE_HAL_DRIVER -DSTM32F303xE -DDEBUG -c -I../Drivers/CMSIS/Device/ST/STM32F3xx/Include -I"C:/Users/alperen/Desktop/WIZNET_2/sht21_driver" -I"C:/Users/alperen/Desktop/WIZNET_2/w5500_driver" -I"C:/Users/alperen/Desktop/WIZNET_2/MyLibrary/Ethernet" -I"C:/Users/alperen/Desktop/WIZNET_2/MyLibrary/Application/multicast" -I../Drivers/CMSIS/Include -I../Drivers/STM32F3xx_HAL_Driver/Inc -I../Core/Inc -I"C:/Users/alperen/Desktop/WIZNET_2/MyLibrary/Application/loopback" -I"C:/Users/alperen/Desktop/WIZNET_2/lcd20x4_driver" -I../Drivers/STM32F3xx_HAL_Driver/Inc/Legacy -I"C:/Users/alperen/Desktop/WIZNET_2/flash_driver" -O0 -ffunction-sections -fdata-sections -Wall -fstack-usage -MMD -MP -MF"Drivers/STM32F3xx_HAL_Driver/Src/stm32f3xx_hal_rcc_ex.d" -MT"Drivers/STM32F3xx_HAL_Driver/Src/stm32f3xx_hal_rcc_ex.o" --specs=nano.specs -mfpu=fpv4-sp-d16 -mfloat-abi=hard -mthumb -o "Drivers/STM32F3xx_HAL_Driver/Src/stm32f3xx_hal_rcc_ex.o"
arm-none-eabi-gcc "../Drivers/STM32F3xx_HAL_Driver/Src/stm32f3xx_hal_spi.c" -mcpu=cortex-m4 -std=gnu11 -g3 -DUSE_HAL_DRIVER -DSTM32F303xE -DDEBUG -c -I../Drivers/CMSIS/Device/ST/STM32F3xx/Include -I"C:/Users/alperen/Desktop/WIZNET_2/sht21_driver" -I"C:/Users/alperen/Desktop/WIZNET_2/w5500_driver" -I"C:/Users/alperen/Desktop/WIZNET_2/MyLibrary/Ethernet" -I"C:/Users/alperen/Desktop/WIZNET_2/MyLibrary/Application/multicast" -I../Drivers/CMSIS/Include -I../Drivers/STM32F3xx_HAL_Driver/Inc -I../Core/Inc -I"C:/Users/alperen/Desktop/WIZNET_2/MyLibrary/Application/loopback" -I"C:/Users/alperen/Desktop/WIZNET_2/lcd20x4_driver" -I../Drivers/STM32F3xx_HAL_Driver/Inc/Legacy -I"C:/Users/alperen/Desktop/WIZNET_2/flash_driver" -O0 -ffunction-sections -fdata-sections -Wall -fstack-usage -MMD -MP -MF"Drivers/STM32F3xx_HAL_Driver/Src/stm32f3xx_hal_spi.d" -MT"Drivers/STM32F3xx_HAL_Driver/Src/stm32f3xx_hal_spi.o" --specs=nano.specs -mfpu=fpv4-sp-d16 -mfloat-abi=hard -mthumb -o "Drivers/STM32F3xx_HAL_Driver/Src/stm32f3xx_hal_spi.o"
arm-none-eabi-gcc "../Drivers/STM32F3xx_HAL_Driver/Src/stm32f3xx_hal_spi_ex.c" -mcpu=cortex-m4 -std=gnu11 -g3 -DUSE_HAL_DRIVER -DSTM32F303xE -DDEBUG -c -I../Drivers/CMSIS/Device/ST/STM32F3xx/Include -I"C:/Users/alperen/Desktop/WIZNET_2/sht21_driver" -I"C:/Users/alperen/Desktop/WIZNET_2/w5500_driver" -I"C:/Users/alperen/Desktop/WIZNET_2/MyLibrary/Ethernet" -I"C:/Users/alperen/Desktop/WIZNET_2/MyLibrary/Application/multicast" -I../Drivers/CMSIS/Include -I../Drivers/STM32F3xx_HAL_Driver/Inc -I../Core/Inc -I"C:/Users/alperen/Desktop/WIZNET_2/MyLibrary/Application/loopback" -I"C:/Users/alperen/Desktop/WIZNET_2/lcd20x4_driver" -I../Drivers/STM32F3xx_HAL_Driver/Inc/Legacy -I"C:/Users/alperen/Desktop/WIZNET_2/flash_driver" -O0 -ffunction-sections -fdata-sections -Wall -fstack-usage -MMD -MP -MF"Drivers/STM32F3xx_HAL_Driver/Src/stm32f3xx_hal_spi_ex.d" -MT"Drivers/STM32F3xx_HAL_Driver/Src/stm32f3xx_hal_spi_ex.o" --specs=nano.specs -mfpu=fpv4-sp-d16 -mfloat-abi=hard -mthumb -o "Drivers/STM32F3xx_HAL_Driver/Src/stm32f3xx_hal_spi_ex.o"
arm-none-eabi-gcc "../Drivers/STM32F3xx_HAL_Driver/Src/stm32f3xx_hal_tim.c" -mcpu=cortex-m4 -std=gnu11 -g3 -DUSE_HAL_DRIVER -DSTM32F303xE -DDEBUG -c -I../Drivers/CMSIS/Device/ST/STM32F3xx/Include -I"C:/Users/alperen/Desktop/WIZNET_2/sht21_driver" -I"C:/Users/alperen/Desktop/WIZNET_2/w5500_driver" -I"C:/Users/alperen/Desktop/WIZNET_2/MyLibrary/Ethernet" -I"C:/Users/alperen/Desktop/WIZNET_2/MyLibrary/Application/multicast" -I../Drivers/CMSIS/Include -I../Drivers/STM32F3xx_HAL_Driver/Inc -I../Core/Inc -I"C:/Users/alperen/Desktop/WIZNET_2/MyLibrary/Application/loopback" -I"C:/Users/alperen/Desktop/WIZNET_2/lcd20x4_driver" -I../Drivers/STM32F3xx_HAL_Driver/Inc/Legacy -I"C:/Users/alperen/Desktop/WIZNET_2/flash_driver" -O0 -ffunction-sections -fdata-sections -Wall -fstack-usage -MMD -MP -MF"Drivers/STM32F3xx_HAL_Driver/Src/stm32f3xx_hal_tim.d" -MT"Drivers/STM32F3xx_HAL_Driver/Src/stm32f3xx_hal_tim.o" --specs=nano.specs -mfpu=fpv4-sp-d16 -mfloat-abi=hard -mthumb -o "Drivers/STM32F3xx_HAL_Driver/Src/stm32f3xx_hal_tim.o"
arm-none-eabi-gcc "../Drivers/STM32F3xx_HAL_Driver/Src/stm32f3xx_hal_tim_ex.c" -mcpu=cortex-m4 -std=gnu11 -g3 -DUSE_HAL_DRIVER -DSTM32F303xE -DDEBUG -c -I../Drivers/CMSIS/Device/ST/STM32F3xx/Include -I"C:/Users/alperen/Desktop/WIZNET_2/sht21_driver" -I"C:/Users/alperen/Desktop/WIZNET_2/w5500_driver" -I"C:/Users/alperen/Desktop/WIZNET_2/MyLibrary/Ethernet" -I"C:/Users/alperen/Desktop/WIZNET_2/MyLibrary/Application/multicast" -I../Drivers/CMSIS/Include -I../Drivers/STM32F3xx_HAL_Driver/Inc -I../Core/Inc -I"C:/Users/alperen/Desktop/WIZNET_2/MyLibrary/Application/loopback" -I"C:/Users/alperen/Desktop/WIZNET_2/lcd20x4_driver" -I../Drivers/STM32F3xx_HAL_Driver/Inc/Legacy -I"C:/Users/alperen/Desktop/WIZNET_2/flash_driver" -O0 -ffunction-sections -fdata-sections -Wall -fstack-usage -MMD -MP -MF"Drivers/STM32F3xx_HAL_Driver/Src/stm32f3xx_hal_tim_ex.d" -MT"Drivers/STM32F3xx_HAL_Driver/Src/stm32f3xx_hal_tim_ex.o" --specs=nano.specs -mfpu=fpv4-sp-d16 -mfloat-abi=hard -mthumb -o "Drivers/STM32F3xx_HAL_Driver/Src/stm32f3xx_hal_tim_ex.o"
arm-none-eabi-gcc -mcpu=cortex-m4 -g3 -c -x assembler-with-cpp --specs=nano.specs -mfpu=fpv4-sp-d16 -mfloat-abi=hard -mthumb -o "Core/Startup/startup_stm32f303retx.o" "../Core/Startup/startup_stm32f303retx.s"
arm-none-eabi-gcc "../Core/Src/main.c" -mcpu=cortex-m4 -std=gnu11 -g3 -DUSE_HAL_DRIVER -DSTM32F303xE -DDEBUG -c -I../Drivers/CMSIS/Device/ST/STM32F3xx/Include -I"C:/Users/alperen/Desktop/WIZNET_2/sht21_driver" -I"C:/Users/alperen/Desktop/WIZNET_2/w5500_driver" -I"C:/Users/alperen/Desktop/WIZNET_2/MyLibrary/Ethernet" -I"C:/Users/alperen/Desktop/WIZNET_2/MyLibrary/Application/multicast" -I../Drivers/CMSIS/Include -I../Drivers/STM32F3xx_HAL_Driver/Inc -I../Core/Inc -I"C:/Users/alperen/Desktop/WIZNET_2/MyLibrary/Application/loopback" -I"C:/Users/alperen/Desktop/WIZNET_2/lcd20x4_driver" -I../Drivers/STM32F3xx_HAL_Driver/Inc/Legacy -I"C:/Users/alperen/Desktop/WIZNET_2/flash_driver" -O0 -ffunction-sections -fdata-sections -Wall -fstack-usage -MMD -MP -MF"Core/Src/main.d" -MT"Core/Src/main.o" --specs=nano.specs -mfpu=fpv4-sp-d16 -mfloat-abi=hard -mthumb -o "Core/Src/main.o"
arm-none-eabi-gcc "../Core/Src/stm32f3xx_hal_msp.c" -mcpu=cortex-m4 -std=gnu11 -g3 -DUSE_HAL_DRIVER -DSTM32F303xE -DDEBUG -c -I../Drivers/CMSIS/Device/ST/STM32F3xx/Include -I"C:/Users/alperen/Desktop/WIZNET_2/sht21_driver" -I"C:/Users/alperen/Desktop/WIZNET_2/w5500_driver" -I"C:/Users/alperen/Desktop/WIZNET_2/MyLibrary/Ethernet" -I"C:/Users/alperen/Desktop/WIZNET_2/MyLibrary/Application/multicast" -I../Drivers/CMSIS/Include -I../Drivers/STM32F3xx_HAL_Driver/Inc -I../Core/Inc -I"C:/Users/alperen/Desktop/WIZNET_2/MyLibrary/Application/loopback" -I"C:/Users/alperen/Desktop/WIZNET_2/lcd20x4_driver" -I../Drivers/STM32F3xx_HAL_Driver/Inc/Legacy -I"C:/Users/alperen/Desktop/WIZNET_2/flash_driver" -O0 -ffunction-sections -fdata-sections -Wall -fstack-usage -MMD -MP -MF"Core/Src/stm32f3xx_hal_msp.d" -MT"Core/Src/stm32f3xx_hal_msp.o" --specs=nano.specs -mfpu=fpv4-sp-d16 -mfloat-abi=hard -mthumb -o "Core/Src/stm32f3xx_hal_msp.o"
arm-none-eabi-gcc "../Core/Src/stm32f3xx_it.c" -mcpu=cortex-m4 -std=gnu11 -g3 -DUSE_HAL_DRIVER -DSTM32F303xE -DDEBUG -c -I../Drivers/CMSIS/Device/ST/STM32F3xx/Include -I"C:/Users/alperen/Desktop/WIZNET_2/sht21_driver" -I"C:/Users/alperen/Desktop/WIZNET_2/w5500_driver" -I"C:/Users/alperen/Desktop/WIZNET_2/MyLibrary/Ethernet" -I"C:/Users/alperen/Desktop/WIZNET_2/MyLibrary/Application/multicast" -I../Drivers/CMSIS/Include -I../Drivers/STM32F3xx_HAL_Driver/Inc -I../Core/Inc -I"C:/Users/alperen/Desktop/WIZNET_2/MyLibrary/Application/loopback" -I"C:/Users/alperen/Desktop/WIZNET_2/lcd20x4_driver" -I../Drivers/STM32F3xx_HAL_Driver/Inc/Legacy -I"C:/Users/alperen/Desktop/WIZNET_2/flash_driver" -O0 -ffunction-sections -fdata-sections -Wall -fstack-usage -MMD -MP -MF"Core/Src/stm32f3xx_it.d" -MT"Core/Src/stm32f3xx_it.o" --specs=nano.specs -mfpu=fpv4-sp-d16 -mfloat-abi=hard -mthumb -o "Core/Src/stm32f3xx_it.o"
arm-none-eabi-gcc "../Core/Src/syscalls.c" -mcpu=cortex-m4 -std=gnu11 -g3 -DUSE_HAL_DRIVER -DSTM32F303xE -DDEBUG -c -I../Drivers/CMSIS/Device/ST/STM32F3xx/Include -I"C:/Users/alperen/Desktop/WIZNET_2/sht21_driver" -I"C:/Users/alperen/Desktop/WIZNET_2/w5500_driver" -I"C:/Users/alperen/Desktop/WIZNET_2/MyLibrary/Ethernet" -I"C:/Users/alperen/Desktop/WIZNET_2/MyLibrary/Application/multicast" -I../Drivers/CMSIS/Include -I../Drivers/STM32F3xx_HAL_Driver/Inc -I../Core/Inc -I"C:/Users/alperen/Desktop/WIZNET_2/MyLibrary/Application/loopback" -I"C:/Users/alperen/Desktop/WIZNET_2/lcd20x4_driver" -I../Drivers/STM32F3xx_HAL_Driver/Inc/Legacy -I"C:/Users/alperen/Desktop/WIZNET_2/flash_driver" -O0 -ffunction-sections -fdata-sections -Wall -fstack-usage -MMD -MP -MF"Core/Src/syscalls.d" -MT"Core/Src/syscalls.o" --specs=nano.specs -mfpu=fpv4-sp-d16 -mfloat-abi=hard -mthumb -o "Core/Src/syscalls.o"
arm-none-eabi-gcc "../Core/Src/sysmem.c" -mcpu=cortex-m4 -std=gnu11 -g3 -DUSE_HAL_DRIVER -DSTM32F303xE -DDEBUG -c -I../Drivers/CMSIS/Device/ST/STM32F3xx/Include -I"C:/Users/alperen/Desktop/WIZNET_2/sht21_driver" -I"C:/Users/alperen/Desktop/WIZNET_2/w5500_driver" -I"C:/Users/alperen/Desktop/WIZNET_2/MyLibrary/Ethernet" -I"C:/Users/alperen/Desktop/WIZNET_2/MyLibrary/Application/multicast" -I../Drivers/CMSIS/Include -I../Drivers/STM32F3xx_HAL_Driver/Inc -I../Core/Inc -I"C:/Users/alperen/Desktop/WIZNET_2/MyLibrary/Application/loopback" -I"C:/Users/alperen/Desktop/WIZNET_2/lcd20x4_driver" -I../Drivers/STM32F3xx_HAL_Driver/Inc/Legacy -I"C:/Users/alperen/Desktop/WIZNET_2/flash_driver" -O0 -ffunction-sections -fdata-sections -Wall -fstack-usage -MMD -MP -MF"Core/Src/sysmem.d" -MT"Core/Src/sysmem.o" --specs=nano.specs -mfpu=fpv4-sp-d16 -mfloat-abi=hard -mthumb -o "Core/Src/sysmem.o"
arm-none-eabi-gcc "../Core/Src/system_stm32f3xx.c" -mcpu=cortex-m4 -std=gnu11 -g3 -DUSE_HAL_DRIVER -DSTM32F303xE -DDEBUG -c -I../Drivers/CMSIS/Device/ST/STM32F3xx/Include -I"C:/Users/alperen/Desktop/WIZNET_2/sht21_driver" -I"C:/Users/alperen/Desktop/WIZNET_2/w5500_driver" -I"C:/Users/alperen/Desktop/WIZNET_2/MyLibrary/Ethernet" -I"C:/Users/alperen/Desktop/WIZNET_2/MyLibrary/Application/multicast" -I../Drivers/CMSIS/Include -I../Drivers/STM32F3xx_HAL_Driver/Inc -I../Core/Inc -I"C:/Users/alperen/Desktop/WIZNET_2/MyLibrary/Application/loopback" -I"C:/Users/alperen/Desktop/WIZNET_2/lcd20x4_driver" -I../Drivers/STM32F3xx_HAL_Driver/Inc/Legacy -I"C:/Users/alperen/Desktop/WIZNET_2/flash_driver" -O0 -ffunction-sections -fdata-sections -Wall -fstack-usage -MMD -MP -MF"Core/Src/system_stm32f3xx.d" -MT"Core/Src/system_stm32f3xx.o" --specs=nano.specs -mfpu=fpv4-sp-d16 -mfloat-abi=hard -mthumb -o "Core/Src/system_stm32f3xx.o"
arm-none-eabi-gcc -o "STM32_TempAndHum.elf" @"objects.list"   -mcpu=cortex-m4 -T"C:\Users\alperen\Desktop\WIZNET_2\WIZNET_2\STM32F303RETX_FLASH.ld" --specs=nosys.specs -Wl,-Map="STM32_TempAndHum.map" -Wl,--gc-sections -static --specs=nano.specs -mfpu=fpv4-sp-d16 -mfloat-abi=hard -mthumb -u _printf_float -u _scanf_float -Wl,--start-group -lc -lm -Wl,--end-group
Finished building target: STM32_TempAndHum.elf
 
arm-none-eabi-size   STM32_TempAndHum.elf 
arm-none-eabi-objdump -h -S  STM32_TempAndHum.elf  > "STM32_TempAndHum.list"
   text	   data	    bss	    dec	    hex	filename
  42800	    528	   4088	  47416	   b938	STM32_TempAndHum.elf
arm-none-eabi-objcopy  -O binary  STM32_TempAndHum.elf  "STM32_TempAndHum.bin"
Finished building: default.size.stdout
 
Finished building: STM32_TempAndHum.bin
 
Finished building: STM32_TempAndHum.list
 

14:40:21 Build Finished. 0 errors, 0 warnings. (took 13s.98ms)

