19:55:05 **** Incremental Build of configuration Debug for project YENI_WIZNET ****
make -j8 all 
arm-none-eabi-gcc "C:/Users/alperen/Desktop/WIZNET_2/sht21_driver/sht21.c" -mcpu=cortex-m4 -std=gnu11 -g3 -DUSE_HAL_DRIVER -DSTM32F303xE -DDEBUG -c -I"C:/Users/alperen/Desktop/WIZNET_2/MyLibrary/Ethernet" -I"C:/Users/alperen/Desktop/WIZNET_2/MyLibrary/Application/multicast" -I../Drivers/CMSIS/Include -I../Drivers/STM32F3xx_HAL_Driver/Inc -I../Core/Inc -I"C:/Users/alperen/Desktop/WIZNET_2/MyLibrary/Application/loopback" -I"C:/Users/alperen/Desktop/WIZNET_2/lcd20x4_driver" -I../Drivers/STM32F3xx_HAL_Driver/Inc/Legacy -I../Drivers/CMSIS/Device/ST/STM32F3xx/Include -I"C:/Users/alperen/Desktop/WIZNET_2/sht21_driver" -O0 -ffunction-sections -fdata-sections -Wall -fstack-usage -MMD -MP -MF"sht21_driver/sht21.d" -MT"sht21_driver/sht21.o" --specs=nano.specs -mfpu=fpv4-sp-d16 -mfloat-abi=hard -mthumb -o "sht21_driver/sht21.o"
arm-none-eabi-gcc "C:/Users/alperen/Desktop/WIZNET_2/MyLibrary/Application/loopback/loopback.c" -mcpu=cortex-m4 -std=gnu11 -g3 -DUSE_HAL_DRIVER -DSTM32F303xE -DDEBUG -c -I"C:/Users/alperen/Desktop/WIZNET_2/MyLibrary/Ethernet" -I"C:/Users/alperen/Desktop/WIZNET_2/MyLibrary/Application/multicast" -I../Drivers/CMSIS/Include -I../Drivers/STM32F3xx_HAL_Driver/Inc -I../Core/Inc -I"C:/Users/alperen/Desktop/WIZNET_2/MyLibrary/Application/loopback" -I"C:/Users/alperen/Desktop/WIZNET_2/lcd20x4_driver" -I../Drivers/STM32F3xx_HAL_Driver/Inc/Legacy -I../Drivers/CMSIS/Device/ST/STM32F3xx/Include -I"C:/Users/alperen/Desktop/WIZNET_2/sht21_driver" -O0 -ffunction-sections -fdata-sections -Wall -fstack-usage -MMD -MP -MF"loopback/loopback.d" -MT"loopback/loopback.o" --specs=nano.specs -mfpu=fpv4-sp-d16 -mfloat-abi=hard -mthumb -o "loopback/loopback.o"
arm-none-eabi-gcc "C:/Users/alperen/Desktop/WIZNET_2/lcd20x4_driver/lcd_20x4.c" -mcpu=cortex-m4 -std=gnu11 -g3 -DUSE_HAL_DRIVER -DSTM32F303xE -DDEBUG -c -I"C:/Users/alperen/Desktop/WIZNET_2/MyLibrary/Ethernet" -I"C:/Users/alperen/Desktop/WIZNET_2/MyLibrary/Application/multicast" -I../Drivers/CMSIS/Include -I../Drivers/STM32F3xx_HAL_Driver/Inc -I../Core/Inc -I"C:/Users/alperen/Desktop/WIZNET_2/MyLibrary/Application/loopback" -I"C:/Users/alperen/Desktop/WIZNET_2/lcd20x4_driver" -I../Drivers/STM32F3xx_HAL_Driver/Inc/Legacy -I../Drivers/CMSIS/Device/ST/STM32F3xx/Include -I"C:/Users/alperen/Desktop/WIZNET_2/sht21_driver" -O0 -ffunction-sections -fdata-sections -Wall -fstack-usage -MMD -MP -MF"lcd20x4_driver/lcd_20x4.d" -MT"lcd20x4_driver/lcd_20x4.o" --specs=nano.specs -mfpu=fpv4-sp-d16 -mfloat-abi=hard -mthumb -o "lcd20x4_driver/lcd_20x4.o"
arm-none-eabi-gcc "../Core/Src/main.c" -mcpu=cortex-m4 -std=gnu11 -g3 -DUSE_HAL_DRIVER -DSTM32F303xE -DDEBUG -c -I"C:/Users/alperen/Desktop/WIZNET_2/MyLibrary/Ethernet" -I"C:/Users/alperen/Desktop/WIZNET_2/MyLibrary/Application/multicast" -I../Drivers/CMSIS/Include -I../Drivers/STM32F3xx_HAL_Driver/Inc -I../Core/Inc -I"C:/Users/alperen/Desktop/WIZNET_2/MyLibrary/Application/loopback" -I"C:/Users/alperen/Desktop/WIZNET_2/lcd20x4_driver" -I../Drivers/STM32F3xx_HAL_Driver/Inc/Legacy -I../Drivers/CMSIS/Device/ST/STM32F3xx/Include -I"C:/Users/alperen/Desktop/WIZNET_2/sht21_driver" -O0 -ffunction-sections -fdata-sections -Wall -fstack-usage -MMD -MP -MF"Core/Src/main.d" -MT"Core/Src/main.o" --specs=nano.specs -mfpu=fpv4-sp-d16 -mfloat-abi=hard -mthumb -o "Core/Src/main.o"
arm-none-eabi-gcc "../Core/Src/stm32f3xx_hal_msp.c" -mcpu=cortex-m4 -std=gnu11 -g3 -DUSE_HAL_DRIVER -DSTM32F303xE -DDEBUG -c -I"C:/Users/alperen/Desktop/WIZNET_2/MyLibrary/Ethernet" -I"C:/Users/alperen/Desktop/WIZNET_2/MyLibrary/Application/multicast" -I../Drivers/CMSIS/Include -I../Drivers/STM32F3xx_HAL_Driver/Inc -I../Core/Inc -I"C:/Users/alperen/Desktop/WIZNET_2/MyLibrary/Application/loopback" -I"C:/Users/alperen/Desktop/WIZNET_2/lcd20x4_driver" -I../Drivers/STM32F3xx_HAL_Driver/Inc/Legacy -I../Drivers/CMSIS/Device/ST/STM32F3xx/Include -I"C:/Users/alperen/Desktop/WIZNET_2/sht21_driver" -O0 -ffunction-sections -fdata-sections -Wall -fstack-usage -MMD -MP -MF"Core/Src/stm32f3xx_hal_msp.d" -MT"Core/Src/stm32f3xx_hal_msp.o" --specs=nano.specs -mfpu=fpv4-sp-d16 -mfloat-abi=hard -mthumb -o "Core/Src/stm32f3xx_hal_msp.o"
arm-none-eabi-gcc "../Core/Src/stm32f3xx_it.c" -mcpu=cortex-m4 -std=gnu11 -g3 -DUSE_HAL_DRIVER -DSTM32F303xE -DDEBUG -c -I"C:/Users/alperen/Desktop/WIZNET_2/MyLibrary/Ethernet" -I"C:/Users/alperen/Desktop/WIZNET_2/MyLibrary/Application/multicast" -I../Drivers/CMSIS/Include -I../Drivers/STM32F3xx_HAL_Driver/Inc -I../Core/Inc -I"C:/Users/alperen/Desktop/WIZNET_2/MyLibrary/Application/loopback" -I"C:/Users/alperen/Desktop/WIZNET_2/lcd20x4_driver" -I../Drivers/STM32F3xx_HAL_Driver/Inc/Legacy -I../Drivers/CMSIS/Device/ST/STM32F3xx/Include -I"C:/Users/alperen/Desktop/WIZNET_2/sht21_driver" -O0 -ffunction-sections -fdata-sections -Wall -fstack-usage -MMD -MP -MF"Core/Src/stm32f3xx_it.d" -MT"Core/Src/stm32f3xx_it.o" --specs=nano.specs -mfpu=fpv4-sp-d16 -mfloat-abi=hard -mthumb -o "Core/Src/stm32f3xx_it.o"
arm-none-eabi-gcc "../Core/Src/w5500_control.c" -mcpu=cortex-m4 -std=gnu11 -g3 -DUSE_HAL_DRIVER -DSTM32F303xE -DDEBUG -c -I"C:/Users/alperen/Desktop/WIZNET_2/MyLibrary/Ethernet" -I"C:/Users/alperen/Desktop/WIZNET_2/MyLibrary/Application/multicast" -I../Drivers/CMSIS/Include -I../Drivers/STM32F3xx_HAL_Driver/Inc -I../Core/Inc -I"C:/Users/alperen/Desktop/WIZNET_2/MyLibrary/Application/loopback" -I"C:/Users/alperen/Desktop/WIZNET_2/lcd20x4_driver" -I../Drivers/STM32F3xx_HAL_Driver/Inc/Legacy -I../Drivers/CMSIS/Device/ST/STM32F3xx/Include -I"C:/Users/alperen/Desktop/WIZNET_2/sht21_driver" -O0 -ffunction-sections -fdata-sections -Wall -fstack-usage -MMD -MP -MF"Core/Src/w5500_control.d" -MT"Core/Src/w5500_control.o" --specs=nano.specs -mfpu=fpv4-sp-d16 -mfloat-abi=hard -mthumb -o "Core/Src/w5500_control.o"
arm-none-eabi-gcc -o "YENI_WIZNET.elf" @"objects.list"   -mcpu=cortex-m4 -T"C:\Users\alperen\Desktop\WIZNET_2\WIZNET_2\STM32F303RETX_FLASH.ld" --specs=nosys.specs -Wl,-Map="YENI_WIZNET.map" -Wl,--gc-sections -static --specs=nano.specs -mfpu=fpv4-sp-d16 -mfloat-abi=hard -mthumb -u _printf_float -u _scanf_float -Wl,--start-group -lc -lm -Wl,--end-group
Finished building target: YENI_WIZNET.elf
 
arm-none-eabi-objdump -h -S  YENI_WIZNET.elf  > "YENI_WIZNET.list"
arm-none-eabi-objcopy  -O binary  YENI_WIZNET.elf  "YENI_WIZNET.bin"
arm-none-eabi-size   YENI_WIZNET.elf 
   text	   data	    bss	    dec	    hex	filename
  40216	    528	   1912	  42656	   a6a0	YENI_WIZNET.elf
Finished building: default.size.stdout
 
Finished building: YENI_WIZNET.bin
 
Finished building: YENI_WIZNET.list
 

19:55:08 Build Finished. 0 errors, 0 warnings. (took 3s.132ms)

